com/socrata/datasync/ui/SyntheticLocationsContainer$1.class
com/socrata/datasync/job/JobStatus.class
com/socrata/datasync/ui/SimpleIntegrationWizard$CancelPreferencesListener.class
com/socrata/datasync/PortMethod.class
com/socrata/datasync/deltaimporter2/DI2Error$ErrorTypeDeserializer.class
com/socrata/datasync/config/userpreferences/UserPreferencesJava.class
com/socrata/datasync/ui/SimpleIntegrationWizard$2.class
com/socrata/datasync/ui/SimpleIntegrationWizard$RunJobNowListener.class
com/socrata/datasync/deltaimporter2/GZipCompressInputStream$Worker.class
com/socrata/datasync/config/userpreferences/UserPreferences.class
com/socrata/datasync/config/userpreferences/UserPreferencesFile.class
com/socrata/datasync/ui/SyntheticComboBoxItem.class
com/socrata/datasync/DatasetUtils$2.class
com/socrata/datasync/LicenseType.class
com/socrata/datasync/ui/SimpleIntegrationWizard$5.class
com/socrata/datasync/PortUtility$3.class
com/socrata/datasync/ui/UIUtility.class
com/socrata/datasync/publishers/GISPublisher.class
com/socrata/datasync/LibraryExample.class
com/socrata/datasync/SocrataConnectionInfo.class
com/socrata/datasync/ui/AdvancedOptionsPanel$3.class
com/socrata/datasync/job/MetadataJob.class
com/socrata/datasync/job/LoadPreferencesJob.class
com/socrata/datasync/ui/SyntheticLocationDialog$4.class
com/socrata/datasync/ui/MetadataJobTab$JobCommandTextFieldListener.class
com/socrata/datasync/ui/SimpleIntegrationWizard$CloseJobFromTabListener.class
com/socrata/datasync/config/controlfile/PortControlFile$CopySchema.class
com/socrata/datasync/DatasetUtils.class
com/socrata/datasync/Main.class
com/socrata/datasync/ui/AdvancedOptionsPanel$TimeZoneListener.class
com/socrata/datasync/config/userpreferences/UserPreferencesUtil.class
com/socrata/datasync/ui/PortJobTab.class
com/socrata/datasync/deltaimporter2/DI2Error.class
com/socrata/datasync/job/GISJob$ControlDisagreementException.class
com/socrata/datasync/publishers/FTPDropbox2Publisher.class
com/socrata/datasync/ui/SimpleIntegrationWizard$AuthenticationDetailsFocusListener.class
com/socrata/datasync/config/CommandLineOptions.class
com/socrata/datasync/ui/GISJobTab$1.class
com/socrata/datasync/ui/SimpleIntegrationWizard$TestSMTPSettingsListener.class
com/socrata/datasync/deltaimporter2/LogItem.class
com/socrata/datasync/job/IntegrationJob$ControlDisagreementException.class
com/socrata/datasync/ui/SyntheticLocationDialog$7.class
com/socrata/datasync/deltaimporter2/DI2Error$ErrorType.class
com/socrata/datasync/ui/ValidationInfoPanel.class
com/socrata/datasync/config/controlfile/FileTypeControl.class
com/socrata/datasync/publishers/DeltaImporter2Publisher.class
com/socrata/datasync/ui/MappingPanel$1.class
com/socrata/datasync/config/controlfile/PortControlFile$CopyData.class
com/socrata/datasync/ui/SimpleIntegrationWizard$NewGISJobListener.class
com/socrata/datasync/ui/AdvancedOptionsPanel$4.class
com/socrata/datasync/ui/ControlFileEditFooterPanel$1.class
com/socrata/datasync/ui/SyntheticLocationPanel.class
com/socrata/datasync/publishers/Soda2Publisher.class
com/socrata/datasync/ui/OptionsPanel$1.class
com/socrata/datasync/ui/SyntheticLocationDialog$8.class
com/socrata/datasync/ui/PortJobTab$1.class
com/socrata/datasync/publishers/DeltaImporter2Publisher$1.class
com/socrata/datasync/job/Jobs.class
com/socrata/datasync/ui/SyntheticLocationDialog$1.class
com/socrata/datasync/ui/ControlFileEditDialog.class
com/socrata/datasync/ui/SyntheticLocationDialog.class
com/socrata/datasync/HttpUtility$2.class
com/socrata/datasync/deltaimporter2/JobId.class
com/socrata/datasync/ui/PortJobTab$OpenDatasetButtonListener.class
com/socrata/datasync/deltaimporter2/XZCompressInputStream.class
com/socrata/datasync/ui/IntegrationJobTab$1.class
com/socrata/datasync/config/controlfile/PortControlFile.class
com/socrata/datasync/job/GISJob.class
com/socrata/datasync/publishers/DeltaImporter2Publisher$Commital.class
com/socrata/datasync/ui/SimpleIntegrationWizard$OpenJobListener.class
com/socrata/datasync/config/controlfile/PortControlFile$1.class
com/socrata/datasync/IntegrationJob.class
com/socrata/datasync/job/IntegrationJob.class
com/socrata/datasync/ui/AdvancedOptionsPanel$FloatingDatetimeListener.class
com/socrata/datasync/ui/AdvancedOptionsPanel$EncodingListener.class
com/socrata/datasync/ui/IntegrationJobTab$RegenerateControlFileListener.class
com/socrata/datasync/ui/SyntheticLocationDialog$9.class
com/socrata/datasync/ui/SyntheticLocationDialog$2.class
com/socrata/datasync/ui/OptionsPanel$HasHeaderRowListener.class
com/socrata/datasync/ui/MetadataJobTab.class
com/socrata/datasync/ui/SyntheticLocationsContainer.class
com/socrata/datasync/validation/GISJobValidity.class
com/socrata/datasync/SMTPMailer.class
com/socrata/datasync/publishers/DeltaImporter2Publisher$2.class
com/socrata/datasync/ui/AdvancedOptionsPanel$5.class
com/socrata/datasync/ui/AdvancedOptionsPanel$EscapeListener.class
com/socrata/datasync/ui/SimpleIntegrationWizard$4.class
com/socrata/datasync/HttpUtility$1.class
com/socrata/datasync/ui/SimpleIntegrationWizard$9.class
com/socrata/datasync/ui/SyntheticLocationDialog$3.class
com/socrata/datasync/ui/GISJobTab$RegenerateControlFileListener.class
com/socrata/datasync/ui/AdvancedOptionsPanel$2.class
com/socrata/datasync/validation/IntegrationJobValidity.class
com/socrata/datasync/job/IntegrationJob$1.class
com/socrata/datasync/ui/SyntheticLocationPanel$2.class
com/socrata/datasync/deltaimporter2/ProgressingInputStream.class
com/socrata/datasync/ui/MetadataJobTab$CopyJobCommandListener.class
com/socrata/datasync/ui/PortJobTab$PortMethodItemListener.class
com/socrata/datasync/PublishMethod.class
com/socrata/datasync/ui/SimpleIntegrationWizard.class
com/socrata/datasync/Utils.class
com/socrata/datasync/deltaimporter2/BlobId.class
com/socrata/datasync/ui/MappingPanel$MappingComboboxListener.class
com/socrata/datasync/job/Job.class
com/socrata/datasync/model/ModelUtils.class
com/socrata/datasync/ui/AdvancedOptionsPanel.class
com/socrata/datasync/ui/GISJobTab.class
com/socrata/datasync/ui/SyntheticLocationDialog$6.class
com/socrata/datasync/ui/GISJobTab$JobCommandTextFieldListener.class
com/socrata/datasync/ui/AwesomeButton.class
com/socrata/datasync/ui/GISJobTab$FileToPublishSelectorListener.class
com/socrata/datasync/ui/SimpleIntegrationWizard$3.class
com/socrata/datasync/ui/AdvancedOptionsPanel$RowListener.class
com/socrata/datasync/deltaimporter2/XZCompressInputStream$Worker.class
com/socrata/datasync/ui/SimpleIntegrationWizard$NewPortJobListener.class
com/socrata/datasync/SimpleIntegrationRunner.class
com/socrata/datasync/ui/SimpleIntegrationWizard$RunJobWorker.class
com/socrata/datasync/deltaimporter2/Version.class
com/socrata/datasync/config/controlfile/ControlFile.class
com/socrata/datasync/deltaimporter2/DatasyncDirectory.class
com/socrata/datasync/DatasetUtils$1.class
com/socrata/datasync/model/DatasetModel.class
com/socrata/datasync/ui/SimpleIntegrationWizard$6.class
com/socrata/datasync/ui/IntegrationJobTab$JobCommandTextFieldListener.class
com/socrata/datasync/deltaimporter2/LogItem$LogData.class
com/socrata/datasync/VersionProvider.class
com/socrata/datasync/imports2/Error.class
com/socrata/datasync/model/CSVModel.class
com/socrata/datasync/DatasyncGithubRelease.class
com/socrata/datasync/config/controlfile/ColumnOverride.class
com/socrata/datasync/DatasetUtils$DatasetInfoResponseHandler.class
com/socrata/datasync/imports2/Layer.class
com/socrata/datasync/validation/PortJobValidity.class
com/socrata/datasync/ui/AdvancedOptionsPanel$QuoteListener.class
com/socrata/datasync/PublishDataset.class
com/socrata/datasync/config/userpreferences/UserPreferencesLib.class
com/socrata/datasync/ui/SimpleIntegrationWizard$OpenPreferencesListener.class
com/socrata/datasync/deltaimporter2/CommitMessage.class
com/socrata/datasync/ui/IntegrationJobTab$CopyJobCommandListener.class
com/socrata/datasync/ui/SimpleIntegrationWizard$NewMetadataJobListener.class
com/socrata/datasync/ui/SimpleIntegrationWizard$7.class
com/socrata/datasync/ui/SyntheticLocationDialog$5.class
com/socrata/datasync/VersionProvider$VersionStatus.class
com/socrata/datasync/imports2/Summary.class
com/socrata/datasync/imports2/Blueprint.class
com/socrata/datasync/ui/MappingPanel.class
com/socrata/datasync/ui/MetadataJobTab$1.class
com/socrata/datasync/ui/SimpleIntegrationWizard$SaveJobListener.class
com/socrata/datasync/PortUtility$1.class
com/socrata/datasync/ui/AdvancedOptionsPanel$1.class
com/socrata/datasync/config/controlfile/PortControlFile$CopyAll.class
com/socrata/datasync/ui/OptionsPanel$TrimWhitespaceListener.class
com/socrata/datasync/SizeCountingInputStream.class
com/socrata/datasync/ui/SimpleIntegrationWizard$8.class
com/socrata/datasync/deltaimporter2/GZipCompressInputStream.class
com/socrata/datasync/ui/IntegrationJobTab$EditControlFileListener.class
com/socrata/datasync/ui/IntegrationJobTab$PublishMethodComboBoxListener.class
com/socrata/datasync/job/PortJob.class
com/socrata/datasync/HttpUtility.class
com/socrata/datasync/publishers/DeltaImporter2Publisher$1PostStateMachine.class
com/socrata/datasync/ui/MetadataJobTab$LoadMetadataActionListener.class
com/socrata/datasync/PortUtility.class
com/socrata/datasync/ui/GISJobTab$CopyJobCommandListener.class
com/socrata/datasync/ui/SyntheticLocationPanel$1.class
com/socrata/datasync/model/ControlFileModel.class
com/socrata/datasync/publishers/DeltaImporter2Publisher$CompletelyRestartJob.class
com/socrata/datasync/ui/ControlFileEditFooterPanel.class
com/socrata/datasync/ui/OptionsPanel$SetAsideErrorsListener.class
com/socrata/datasync/config/controlfile/LocationColumn.class
com/socrata/datasync/ui/JobTab.class
com/socrata/datasync/ui/IntegrationJobTab.class
com/socrata/datasync/ui/SimpleIntegrationWizard$1.class
com/socrata/datasync/config/controlfile/PortControlFile$CopyType.class
com/socrata/datasync/ui/MappingPanelContainer.class
com/socrata/datasync/PortUtility$2.class
com/socrata/datasync/ui/OptionsPanel.class
com/socrata/datasync/ui/SimpleIntegrationWizard$NewStandardJobListener.class
com/socrata/datasync/ui/AdvancedOptionsPanel$SeparatorListener.class
com/socrata/datasync/ui/SimpleIntegrationWizard$SavePreferencesListener.class
com/socrata/datasync/publishers/DeltaImporter2Publisher$Commitment.class
com/socrata/datasync/ui/IntegrationJobTab$FileToPublishSelectorListener.class
