/Users/peter.moore/datasync/src/main/java/com/socrata/datasync/model/DatasetModel.java
/Users/peter.moore/datasync/src/main/java/com/socrata/datasync/SizeCountingInputStream.java
/Users/peter.moore/datasync/src/main/java/com/socrata/datasync/validation/GISJobValidity.java
/Users/peter.moore/datasync/src/main/java/com/socrata/datasync/imports2/Layer.java
/Users/peter.moore/datasync/src/main/java/com/socrata/datasync/SMTPMailer.java
/Users/peter.moore/datasync/src/main/java/com/socrata/datasync/ui/MetadataJobTab.java
/Users/peter.moore/datasync/src/main/java/com/socrata/datasync/job/IntegrationJob.java
/Users/peter.moore/datasync/src/main/java/com/socrata/datasync/job/LoadPreferencesJob.java
/Users/peter.moore/datasync/src/main/java/com/socrata/datasync/ui/PortJobTab.java
/Users/peter.moore/datasync/src/main/java/com/socrata/datasync/config/userpreferences/UserPreferencesLib.java
/Users/peter.moore/datasync/src/main/java/com/socrata/datasync/deltaimporter2/DI2Error.java
/Users/peter.moore/datasync/src/main/java/com/socrata/datasync/IntegrationJob.java
/Users/peter.moore/datasync/src/main/java/com/socrata/datasync/model/CSVModel.java
/Users/peter.moore/datasync/src/main/java/com/socrata/datasync/config/controlfile/ColumnOverride.java
/Users/peter.moore/datasync/src/main/java/com/socrata/datasync/deltaimporter2/JobId.java
/Users/peter.moore/datasync/src/main/java/com/socrata/datasync/config/userpreferences/UserPreferencesUtil.java
/Users/peter.moore/datasync/src/main/java/com/socrata/datasync/job/Jobs.java
/Users/peter.moore/datasync/src/main/java/com/socrata/datasync/publishers/Soda2Publisher.java
/Users/peter.moore/datasync/src/main/java/com/socrata/datasync/job/Job.java
/Users/peter.moore/datasync/src/main/java/com/socrata/datasync/DatasyncGithubRelease.java
/Users/peter.moore/datasync/src/main/java/com/socrata/datasync/PublishMethod.java
/Users/peter.moore/datasync/src/main/java/com/socrata/datasync/PortMethod.java
/Users/peter.moore/datasync/src/main/java/com/socrata/datasync/publishers/DeltaImporter2Publisher.java
/Users/peter.moore/datasync/src/main/java/com/socrata/datasync/deltaimporter2/CommitMessage.java
/Users/peter.moore/datasync/src/main/java/com/socrata/datasync/config/controlfile/LocationColumn.java
/Users/peter.moore/datasync/src/main/java/com/socrata/datasync/config/userpreferences/UserPreferencesJava.java
/Users/peter.moore/datasync/src/main/java/com/socrata/datasync/deltaimporter2/BlobId.java
/Users/peter.moore/datasync/src/main/java/com/socrata/datasync/deltaimporter2/GZipCompressInputStream.java
/Users/peter.moore/datasync/src/main/java/com/socrata/datasync/deltaimporter2/ProgressingInputStream.java
/Users/peter.moore/datasync/src/main/java/com/socrata/datasync/ui/ControlFileEditFooterPanel.java
/Users/peter.moore/datasync/src/main/java/com/socrata/datasync/ui/SyntheticLocationPanel.java
/Users/peter.moore/datasync/src/main/java/com/socrata/datasync/ui/UIUtility.java
/Users/peter.moore/datasync/src/main/java/com/socrata/datasync/publishers/GISPublisher.java
/Users/peter.moore/datasync/src/main/java/com/socrata/datasync/SimpleIntegrationRunner.java
/Users/peter.moore/datasync/src/main/java/com/socrata/datasync/ui/AdvancedOptionsPanel.java
/Users/peter.moore/datasync/src/main/java/com/socrata/datasync/VersionProvider.java
/Users/peter.moore/datasync/src/main/java/com/socrata/datasync/deltaimporter2/Version.java
/Users/peter.moore/datasync/src/main/java/com/socrata/datasync/config/CommandLineOptions.java
/Users/peter.moore/datasync/src/main/java/com/socrata/datasync/PortUtility.java
/Users/peter.moore/datasync/src/main/java/com/socrata/datasync/ui/SyntheticLocationsContainer.java
/Users/peter.moore/datasync/src/main/java/com/socrata/datasync/PublishDataset.java
/Users/peter.moore/datasync/src/main/java/com/socrata/datasync/ui/ValidationInfoPanel.java
/Users/peter.moore/datasync/src/main/java/com/socrata/datasync/ui/SimpleIntegrationWizard.java
/Users/peter.moore/datasync/src/main/java/com/socrata/datasync/config/userpreferences/UserPreferences.java
/Users/peter.moore/datasync/src/main/java/com/socrata/datasync/HttpUtility.java
/Users/peter.moore/datasync/src/main/java/com/socrata/datasync/imports2/Blueprint.java
/Users/peter.moore/datasync/src/main/java/com/socrata/datasync/deltaimporter2/XZCompressInputStream.java
/Users/peter.moore/datasync/src/main/java/com/socrata/datasync/ui/MappingPanel.java
/Users/peter.moore/datasync/src/main/java/com/socrata/datasync/validation/PortJobValidity.java
/Users/peter.moore/datasync/src/main/java/com/socrata/datasync/model/ModelUtils.java
/Users/peter.moore/datasync/src/main/java/com/socrata/datasync/ui/SyntheticLocationDialog.java
/Users/peter.moore/datasync/src/main/java/com/socrata/datasync/deltaimporter2/DatasyncDirectory.java
/Users/peter.moore/datasync/src/main/java/com/socrata/datasync/job/GISJob.java
/Users/peter.moore/datasync/src/main/java/com/socrata/datasync/ui/JobTab.java
/Users/peter.moore/datasync/src/main/java/com/socrata/datasync/ui/GISJobTab.java
/Users/peter.moore/datasync/src/main/java/com/socrata/datasync/imports2/Summary.java
/Users/peter.moore/datasync/src/main/java/com/socrata/datasync/LibraryExample.java
/Users/peter.moore/datasync/src/main/java/com/socrata/datasync/validation/IntegrationJobValidity.java
/Users/peter.moore/datasync/src/main/java/com/socrata/datasync/config/controlfile/ControlFile.java
/Users/peter.moore/datasync/src/main/java/com/socrata/datasync/config/controlfile/PortControlFile.java
/Users/peter.moore/datasync/src/main/java/com/socrata/datasync/SocrataConnectionInfo.java
/Users/peter.moore/datasync/src/main/java/com/socrata/datasync/ui/MappingPanelContainer.java
/Users/peter.moore/datasync/src/main/java/com/socrata/datasync/config/controlfile/FileTypeControl.java
/Users/peter.moore/datasync/src/main/java/com/socrata/datasync/LicenseType.java
/Users/peter.moore/datasync/src/main/java/com/socrata/datasync/Main.java
/Users/peter.moore/datasync/src/main/java/com/socrata/datasync/model/ControlFileModel.java
/Users/peter.moore/datasync/src/main/java/com/socrata/datasync/Utils.java
/Users/peter.moore/datasync/src/main/java/com/socrata/datasync/config/userpreferences/UserPreferencesFile.java
/Users/peter.moore/datasync/src/main/java/com/socrata/datasync/ui/IntegrationJobTab.java
/Users/peter.moore/datasync/src/main/java/com/socrata/datasync/deltaimporter2/LogItem.java
/Users/peter.moore/datasync/src/main/java/com/socrata/datasync/ui/ControlFileEditDialog.java
/Users/peter.moore/datasync/src/main/java/com/socrata/datasync/imports2/Error.java
/Users/peter.moore/datasync/src/main/java/com/socrata/datasync/DatasetUtils.java
/Users/peter.moore/datasync/src/main/java/com/socrata/datasync/job/PortJob.java
/Users/peter.moore/datasync/src/main/java/com/socrata/datasync/job/JobStatus.java
/Users/peter.moore/datasync/src/main/java/com/socrata/datasync/job/MetadataJob.java
/Users/peter.moore/datasync/src/main/java/com/socrata/datasync/publishers/FTPDropbox2Publisher.java
/Users/peter.moore/datasync/src/main/java/com/socrata/datasync/ui/AwesomeButton.java
/Users/peter.moore/datasync/src/main/java/com/socrata/datasync/ui/OptionsPanel.java
